// Jest Snapshot v1, https://goo.gl/fbAQLP

exports[`should render ExpenseList with expenses 1`] = `
<div>
  <h1>
    Expense List
  </h1>
  <ExpenseListItem
    amount={195}
    createdAt={-345600000}
    description="Gum"
    id="1"
    key="1"
    note=""
  />
  <ExpenseListItem
    amount={19500000}
    createdAt={0}
    description="Ferrari"
    id="2"
    key="2"
    note=""
  />
  <ExpenseListItem
    amount={777777777777}
    createdAt={345600000}
    description="Private Jet"
    id="3"
    key="3"
    note=""
  />
</div>
`;

exports[`should render ExpenseList without expenses 1`] = `
<div>
  <h1>
    Expense List
  </h1>
  <p>
    No expenses
  </p>
</div>
`;
